// Jest Snapshot v1, https://goo.gl/fbAQLP

exports[`Routes /health 1`] = `"OK"`;
